-3.00000e+00
-4.30000e+01
-2.60000e+01
-5
-43
-26
-1
