-3.30000e+01
102
2101402
-6.40000e+01
5.00000e-01
-3.51279e-01
