00-wrong-type-init-int-float.deca:2:8: Un type diff√©rent est attendu