01-wrong-type-init-int-bool.deca:2:8: Un type diff√©rent est attendu