02-wrong-type-init-bool-int.deca:2:12: Un type diff√©rent est attendu