03-wrong-type-init-bool-float.deca:2:12: Un type diff√©rent est attendu