04-wrong-type-assign-int-float.deca:4:4: Un type diff√©rent est attendu