05-wrong-type-assign-bool-float.deca:4:4: Un type diff√©rent est attendu