06-wrong-type-assign-bool-int.deca:4:4: Un type diff√©rent est attendu