07-wrong-type-assign-float-bool.deca:4:4: Un type diff√©rent est attendu