13-wrong-type-LE-float-bool.deca:4:8: Les deux expressions compar√©es ne sont pas des entiers ou des flotants