15-wrong-type-GT-int-bool.deca:4:8: Les deux expressions compar√©es ne sont pas des entiers ou des flotants