20-wrong-type-add-float-bool.deca:4:8: Error unsupported types