21-wrong-type-sub-float-bool.deca:4:8: Error unsupported types