22-wrong-type-mult-float-bool.deca:4:8: Error unsupported types