23-wrong-type-div-float-bool.deca:4:8: Error unsupported types