24-wrong-type-add-int-bool.deca:4:8: Error unsupported types