25-wrong-type-sub-int-bool.deca:4:8: Error unsupported types