26-wrong-type-mult-int-bool.deca:4:8: Error unsupported types