27-wrong-type-div-int-bool.deca:4:8: Error unsupported types