  ** IMA ** ERREUR ** Ligne 23 : 
    Adressage indirect : la base ne contient pas une adresse
