Method getX exist in parent but don't have same return type
