125
10
1.52580e+01
1.24870e+01
0x1.16774ap+12
0x1.61b08ap-2
