0.00000e+00
7.07107e-01
8.42937e-08
1.40130e-45
7.07107e-01
