0x1.681fa6p+5
0x1.681fa6p+5
B OK
0x1.681fa6p+5
0x1.701fa6p+5
