1.00000e+00
2.00000e+00
3.00000e+00
4.00000e+00
5.00000e+00
6.00000e+00
7.00000e+00
8
9
10
11
12
13
14
true
false
true
false
true
false
true
