2.50000e+01
5.00000e+00
1.00000e+00
5.00000e-01
2.50000e-01
