1.40130e-45
0x1p-149
5.96046e-08
0x1p-24
1.19209e-07
0x1p-23
